{
    "-profile test": {
        "content": [
            null,
            [
                
            ],
            [
                
            ]
        ],
        "timestamp": "2026-03-07T17:06:47.023783",
        "meta": {
            "nf-test": "0.9.4",
            "nextflow": "25.10.3"
        }
    }
}