{
    "Runs the named workflow with a minimal RT-stop sample": {
        "content": [
            "nf_core_rnastructurome_software_mqc_versions.yml:md5,fe5bb8cb93fb48848bec0242ab09f1e7"
        ],
        "timestamp": "2026-04-23T13:20:00",
        "meta": {
            "nf-test": "0.9.4",
            "nextflow": "25.10.3"
        }
    }
}
