{
    "Routes RT-stop to bowtie and MaP to bowtie2": {
        "content": [
            [
                [
                    {
                        "id": "map_sample",
                        "sample_id": "map_sample",
                        "principle": "MaP",
                        "organism": "Mus musculus",
                        "single_end": true,
                        "sample_group": "map_line",
                        "replicate": "rep1",
                        "condition": "treated"
                    },
                    "map_sample.sorted.bam:md5,d41d8cd98f00b204e9800998ecf8427e"
                ],
                [
                    {
                        "id": "rtstop_sample",
                        "sample_id": "rtstop_sample",
                        "principle": "RT-stop",
                        "organism": "Homo sapiens",
                        "single_end": true,
                        "sample_group": "rtstop_line",
                        "replicate": "rep1",
                        "condition": "treated"
                    },
                    "rtstop_sample.sorted.bam:md5,d41d8cd98f00b204e9800998ecf8427e"
                ]
            ],
            "nf_core_rnastructurome_software_mqc_versions.yml:md5,887049a1be55fb334ad403c2559c60be"
        ],
        "timestamp": "2026-07-12T12:24:38.363492",
        "meta": {
            "nf-test": "0.9.4",
            "nextflow": "26.04.3"
        }
    }
}